// Jest Snapshot v1, https://goo.gl/fbAQLP

exports[`CallToAction renders properly 1`] = `"<div><call-to-action-wave-svg-stub></call-to-action-wave-svg-stub> <call-to-action-content-stub></call-to-action-content-stub></div>"`;
