// Jest Snapshot v1, https://goo.gl/fbAQLP

exports[`FeatureLeft renders properly 1`] = `
"<div class=\\"flex flex-wrap flex-col-reverse sm:flex-row\\"><div class=\\"w-full sm:w-1/2 p-6 mt-6\\"></div> <div class=\\"w-full sm:w-1/2 p-6 mt-6\\"><div class=\\"align-middle\\"><h3 class=\\"text-3xl text-gray-800 font-bold leading-none mb-3\\">Lorem Ipsum</h3> <p class=\\"text-gray-600 mb-8\\">
        Lorem Ipsum dolor sit
        <br> <br>Images from:
        <a href=\\"https://undraw.co/\\" class=\\"text-orange-500 underline\\">undraw.co</a></p></div></div></div>"
`;
