// Jest Snapshot v1, https://goo.gl/fbAQLP

exports[`Hero renders properly 1`] = `"<div><hero-content-stub></hero-content-stub> <div class=\\"relative -mt-12 lg:-mt-24\\"><hero-wave-svg-stub></hero-wave-svg-stub></div></div>"`;
