// Jest Snapshot v1, https://goo.gl/fbAQLP

exports[`Logo renders properly 1`] = `
"<a href=\\"#\\" class=\\"no-underline hover:no-underline font-bold text-2xl lg:text-4xl text-white\\"><logo-svg-stub></logo-svg-stub>&nbsp;LANDING
</a>"
`;
