// Jest Snapshot v1, https://goo.gl/fbAQLP

exports[`Prices renders properly 1`] = `
"<div class=\\"flex flex-col w-5/6 lg:w-1/4 mx-auto lg:mx-0 rounded-none lg:rounded-l-lg bg-white mt-4\\"><div class=\\"flex-1 bg-white text-gray-600 rounded-t rounded-b-none overflow-hidden shadow\\"><div class=\\"p-8 text-3xl font-bold text-center border-b-4\\">Pro</div> <ul class=\\"w-full text-center text-sm\\"><li class=\\"border-b py-4\\">Thing</li><li class=\\"border-b py-4\\">Thing</li><li class=\\"border-b py-4\\">Thing</li><li class=\\"border-b py-4\\">Thing</li></ul></div> <div class=\\"flex-none mt-auto bg-white rounded-b rounded-t-none overflow-hidden shadow p-6\\"><div class=\\"w-full pt-6 text-3xl text-gray-600 font-bold text-center\\">
      29,99 â‚¬
      <span class=\\"text-base\\">/ per user</span></div> <div class=\\"flex items-center justify-center\\"><button class=\\"mx-auto lg:mx-0 hover:underline gradient text-white font-bold rounded-full my-6 py-4 px-8 shadow-lg\\">Sign Up</button></div></div></div>"
`;
