// Jest Snapshot v1, https://goo.gl/fbAQLP

exports[`TheHeader renders properly 1`] = `"<nav class=\\"fixed w-full z-30 top-0\\"><div class=\\"w-full container mx-auto flex flex-wrap items-center justify-between mt-0 py-2\\"><div class=\\"pl-4 flex items-center\\"><logo-stub isstickable=\\"true\\"></logo-stub></div> <div class=\\"block lg:hidden pr-4\\"><button class=\\"flex items-center px-3 py-2 border rounded text-gray-500 border-gray-600 hover:text-gray-800 hover:border-teal-500 appearance-none focus:outline-none\\"><hamburger-svg-stub></hamburger-svg-stub></button></div> <div class=\\"w-full flex-grow lg:flex lg:items-center lg:w-auto lg:block mt-2 lg:mt-0 bg-white lg:bg-transparent text-black p-4 lg:p-0 z-20 bg-gray-100 hidden\\"><ul class=\\"list-reset lg:flex justify-end flex-1 items-center\\"><li class=\\"mr-3\\"><a href=\\"#\\" class=\\"inline-block py-2 px-4 text-black font-bold no-underline\\">Active</a></li> <li class=\\"mr-3\\"><a href=\\"#\\" class=\\"inline-block text-black no-underline hover:text-gray-800 hover:text-underline py-2 px-4\\">link</a></li> <li class=\\"mr-3\\"><a href=\\"#\\" class=\\"inline-block text-black no-underline hover:text-gray-800 hover:text-underline py-2 px-4\\">link</a></li></ul> <button class=\\"mx-auto lg:mx-0 hover:underline font-bold rounded-full mt-4 lg:mt-0 py-4 px-8 shadow opacity-75 bg-white text-gray-800\\">Action</button></div></div> <hr class=\\"border-b border-gray-100 opacity-25 my-0 py-0\\"></nav>"`;
