// Jest Snapshot v1, https://goo.gl/fbAQLP

exports[`HamburgerSvg renders properly 1`] = `"<svg viewBox=\\"0 0 20 20\\" xmlns=\\"http://www.w3.org/2000/svg\\" class=\\"fill-current h-3 w-3\\"><title>Menu</title> <path d=\\"M0 3h20v2H0V3zm0 6h20v2H0V9zm0 6h20v2H0v-2z\\"></path></svg>"`;
